<?xml version="1.0" encoding="utf-8"?><testsuites name="pytest tests"><testsuite name="pytest" errors="0" failures="0" skipped="0" tests="5" time="39.582" timestamp="2026-07-26T16:15:31.852149+05:30" hostname="LAPTOP-NRV42S2A"><testcase classname="test.test_retrieval" name="test_pipeline_initialization" time="0.004" /><testcase classname="test.test_retrieval" name="test_retrieval_returns_context" time="0.901" /><testcase classname="test.test_retrieval" name="test_retrieved_documents_have_metadata" time="0.691" /><testcase classname="test.test_retrieval" name="test_arc_query_context_relevance" time="0.811" /><testcase classname="test.test_retrieval" name="test_arc_query_excludes_phraseology_false_positive" time="0.811" /></testsuite></testsuites>
